
> react-kavia@0.1.0 start
> cross-env EDIT_MODE=true webpack serve --config .ve/webpack.config.js --mode development

<i> [webpack-dev-server] Project is running at:
<i> [webpack-dev-server] Loopback: http://localhost:3000/, http://[::1]:3000/
<i> [webpack-dev-server] On Your Network (IPv4): http://172.17.0.2:3000/
<i> [webpack-dev-server] Content not from webpack is served from './public' directory
Injecting EditorRootWrapper import: ../.ve/EditorRootWrapper
asset bundle.js 1.39 MiB [emitted] (name: main)
asset index.html 1.98 KiB [emitted]
runtime modules 27.5 KiB 14 modules
modules by path ./node_modules/ 1.24 MiB 31 modules
modules by path ./src/ 10.3 KiB
  modules by path ./src/*.css 7.49 KiB 4 modules
  modules by path ./src/*.js 2.76 KiB
    ./src/index.js 530 bytes [built] [code generated]
    ./src/App.js 2.24 KiB [built] [code generated]
modules by path ./.ve/ 15.1 KiB
  modules by path ./.ve/*.js 10.6 KiB 2 modules
  modules by path ./.ve/*.css 2.93 KiB
    ./.ve/EditorOverlay.css 2.25 KiB [built] [code generated]
    ./node_modules/css-loader/dist/cjs.js!./.ve/EditorOverlay.css 697 bytes [built] [code generated]
  ./.ve/EditorOverlay.jsx 1.58 KiB [built] [code generated]
webpack 5.99.9 compiled successfully in 1330 ms
assets by status 1.98 KiB [cached] 1 asset
assets by path *.js 1.4 MiB
  asset bundle.js 1.39 MiB [emitted] (name: main)
  asset main.97aff8aaefc294be6fba.hot-update.js 6.87 KiB [emitted] [immutable] [hmr] (name: main)
asset main.97aff8aaefc294be6fba.hot-update.json 28 bytes [emitted] [immutable] [hmr]
Entrypoint main 1.4 MiB = bundle.js 1.39 MiB main.97aff8aaefc294be6fba.hot-update.js 6.87 KiB
cached modules 1.26 MiB [cached] 41 modules
runtime modules 27.5 KiB 14 modules
./src/App.js 3.54 KiB [built] [code generated]

ERROR in ./src/App.js 3:0-47
Module not found: Error: Can't resolve './components/GameBoard' in '/home/kavia/workspace/code-generation/webtictactoe-61740-27749ba4/webtictactoe_frontend/src'
 @ ./src/index.js 5:0-24 11:32-35

ERROR in ./src/App.js 4:0-67
Module not found: Error: Can't resolve './components/PlayerTurnIndicator' in '/home/kavia/workspace/code-generation/webtictactoe-61740-27749ba4/webtictactoe_frontend/src'
 @ ./src/index.js 5:0-24 11:32-35

ERROR in ./src/App.js 5:0-59
Module not found: Error: Can't resolve './components/ResetGameButton' in '/home/kavia/workspace/code-generation/webtictactoe-61740-27749ba4/webtictactoe_frontend/src'
 @ ./src/index.js 5:0-24 11:32-35

3 errors have detailed information that is not shown.
Use 'stats.errorDetails: true' resp. '--stats-error-details' to show it.

webpack 5.99.9 compiled with 3 errors in 143 ms
assets by status 1.98 KiB [cached] 1 asset
assets by path *.js 1.41 MiB
  asset bundle.js 1.4 MiB [emitted] (name: main)
  asset main.7d28c4f9a5d525d66b09.hot-update.js 9.53 KiB [emitted] [immutable] [hmr] (name: main)
asset main.7d28c4f9a5d525d66b09.hot-update.json 28 bytes [emitted] [immutable] [hmr]
Entrypoint main 1.41 MiB = bundle.js 1.4 MiB main.7d28c4f9a5d525d66b09.hot-update.js 9.53 KiB
cached modules 1.26 MiB [cached] 41 modules
runtime modules 27.5 KiB 14 modules
javascript modules 5.17 KiB
  ./src/App.js 3.54 KiB [code generated]
  ./src/components/GameBoard.js 1.63 KiB [built] [code generated]

ERROR in ./src/App.js 4:0-67
Module not found: Error: Can't resolve './components/PlayerTurnIndicator' in '/home/kavia/workspace/code-generation/webtictactoe-61740-27749ba4/webtictactoe_frontend/src'
resolve './components/PlayerTurnIndicator' in '/home/kavia/workspace/code-generation/webtictactoe-61740-27749ba4/webtictactoe_frontend/src'
  using description file: /home/kavia/workspace/code-generation/webtictactoe-61740-27749ba4/webtictactoe_frontend/package.json (relative path: ./src)
    Field 'browser' doesn't contain a valid alias configuration
    using description file: /home/kavia/workspace/code-generation/webtictactoe-61740-27749ba4/webtictactoe_frontend/package.json (relative path: ./src/components/PlayerTurnIndicator)
      no extension
        Field 'browser' doesn't contain a valid alias configuration
        /home/kavia/workspace/code-generation/webtictactoe-61740-27749ba4/webtictactoe_frontend/src/components/PlayerTurnIndicator doesn't exist
      .js
        Field 'browser' doesn't contain a valid alias configuration
        /home/kavia/workspace/code-generation/webtictactoe-61740-27749ba4/webtictactoe_frontend/src/components/PlayerTurnIndicator.js doesn't exist
      .jsx
        Field 'browser' doesn't contain a valid alias configuration
        /home/kavia/workspace/code-generation/webtictactoe-61740-27749ba4/webtictactoe_frontend/src/components/PlayerTurnIndicator.jsx doesn't exist
      as directory
        /home/kavia/workspace/code-generation/webtictactoe-61740-27749ba4/webtictactoe_frontend/src/components/PlayerTurnIndicator doesn't exist
 @ ./src/index.js 5:0-24 11:32-35

ERROR in ./src/App.js 5:0-59
Module not found: Error: Can't resolve './components/ResetGameButton' in '/home/kavia/workspace/code-generation/webtictactoe-61740-27749ba4/webtictactoe_frontend/src'
resolve './components/ResetGameButton' in '/home/kavia/workspace/code-generation/webtictactoe-61740-27749ba4/webtictactoe_frontend/src'
  using description file: /home/kavia/workspace/code-generation/webtictactoe-61740-27749ba4/webtictactoe_frontend/package.json (relative path: ./src)
    Field 'browser' doesn't contain a valid alias configuration
    using description file: /home/kavia/workspace/code-generation/webtictactoe-61740-27749ba4/webtictactoe_frontend/package.json (relative path: ./src/components/ResetGameButton)
      no extension
        Field 'browser' doesn't contain a valid alias configuration
        /home/kavia/workspace/code-generation/webtictactoe-61740-27749ba4/webtictactoe_frontend/src/components/ResetGameButton doesn't exist
      .js
        Field 'browser' doesn't contain a valid alias configuration
        /home/kavia/workspace/code-generation/webtictactoe-61740-27749ba4/webtictactoe_frontend/src/components/ResetGameButton.js doesn't exist
      .jsx
        Field 'browser' doesn't contain a valid alias configuration
        /home/kavia/workspace/code-generation/webtictactoe-61740-27749ba4/webtictactoe_frontend/src/components/ResetGameButton.jsx doesn't exist
      as directory
        /home/kavia/workspace/code-generation/webtictactoe-61740-27749ba4/webtictactoe_frontend/src/components/ResetGameButton doesn't exist
 @ ./src/index.js 5:0-24 11:32-35

webpack 5.99.9 compiled with 2 errors in 64 ms
assets by status 1.98 KiB [cached] 1 asset
assets by path *.js 1.41 MiB
  asset bundle.js 1.4 MiB [emitted] (name: main)
  asset main.3f0b3f704cd65bdbfc9a.hot-update.js 9.99 KiB [emitted] [immutable] [hmr] (name: main)
asset main.3f0b3f704cd65bdbfc9a.hot-update.json 28 bytes [emitted] [immutable] [hmr]
Entrypoint main 1.41 MiB = bundle.js 1.4 MiB main.3f0b3f704cd65bdbfc9a.hot-update.js 9.99 KiB
cached modules 1.26 MiB [cached] 42 modules
runtime modules 27.5 KiB 14 modules
javascript modules 5.42 KiB
  ./src/App.js 3.54 KiB [code generated]
  ./src/components/PlayerTurnIndicator.js 1.88 KiB [built] [code generated]

ERROR in ./src/App.js 5:0-59
Module not found: Error: Can't resolve './components/ResetGameButton' in '/home/kavia/workspace/code-generation/webtictactoe-61740-27749ba4/webtictactoe_frontend/src'
resolve './components/ResetGameButton' in '/home/kavia/workspace/code-generation/webtictactoe-61740-27749ba4/webtictactoe_frontend/src'
  using description file: /home/kavia/workspace/code-generation/webtictactoe-61740-27749ba4/webtictactoe_frontend/package.json (relative path: ./src)
    Field 'browser' doesn't contain a valid alias configuration
    using description file: /home/kavia/workspace/code-generation/webtictactoe-61740-27749ba4/webtictactoe_frontend/package.json (relative path: ./src/components/ResetGameButton)
      no extension
        Field 'browser' doesn't contain a valid alias configuration
        /home/kavia/workspace/code-generation/webtictactoe-61740-27749ba4/webtictactoe_frontend/src/components/ResetGameButton doesn't exist
      .js
        Field 'browser' doesn't contain a valid alias configuration
        /home/kavia/workspace/code-generation/webtictactoe-61740-27749ba4/webtictactoe_frontend/src/components/ResetGameButton.js doesn't exist
      .jsx
        Field 'browser' doesn't contain a valid alias configuration
        /home/kavia/workspace/code-generation/webtictactoe-61740-27749ba4/webtictactoe_frontend/src/components/ResetGameButton.jsx doesn't exist
      as directory
        /home/kavia/workspace/code-generation/webtictactoe-61740-27749ba4/webtictactoe_frontend/src/components/ResetGameButton doesn't exist
 @ ./src/index.js 5:0-24 11:32-35

webpack 5.99.9 compiled with 1 error in 71 ms
assets by status 1.98 KiB [cached] 1 asset
assets by path *.js 1.41 MiB
  asset bundle.js 1.4 MiB [emitted] (name: main)
  asset main.4705844fb39873dd772e.hot-update.js 8.56 KiB [emitted] [immutable] [hmr] (name: main)
asset main.4705844fb39873dd772e.hot-update.json 28 bytes [emitted] [immutable] [hmr]
Entrypoint main 1.41 MiB = bundle.js 1.4 MiB main.4705844fb39873dd772e.hot-update.js 8.56 KiB
cached modules 1.27 MiB [cached] 43 modules
runtime modules 27.5 KiB 14 modules
javascript modules 4.37 KiB
  ./src/App.js 3.54 KiB [code generated]
  ./src/components/ResetGameButton.js 847 bytes [built] [code generated]
webpack 5.99.9 compiled successfully in 57 ms
